Running enhanced RHMC Three-Zone diagnostics on all v6 models...
━━━ N=50 ━━━  model=outputs/low_data_models/ellipses_auto_scaling_v6/aniso/N050/seed013/2026-02-23_10-40-57
Warning: fixed-point saturation is high (momentum=100.00%, position=100.00%, fp_steps=3).
Warning: fixed-point saturation is high (momentum=100.00%, position=100.00%, fp_steps=3).
Warning: fixed-point saturation is high (momentum=100.00%, position=100.00%, fp_steps=3).
Warning: fixed-point saturation is high (momentum=100.00%, position=100.00%, fp_steps=3).
Warning: fixed-point saturation is high (momentum=100.00%, position=100.00%, fp_steps=3).
Saved figure: results/rhmc_three_zone_auto_scaling_v6/N050/2026-02-23_13-50-23/rhmc_three_zones_real_metric.png
Saved summary: results/rhmc_three_zone_auto_scaling_v6/N050/2026-02-23_13-50-23/summary.json
Void eigenshape: mode=det_preserving_spectral, alpha_min=0.800000, power=-1.2000, eig_floor=1.00e-08
Dual-step adaptation: enabled=True, max_disp=0.090000, min_scale=0.050000
manifold_1: acc=0.995, d0=0.000 -> dT=0.125, logdet0=2.969 -> logdetT=2.449, escaped=False
  acf_lag1=0.956, acf_lag5=0.629, coverage=0.100, rescue_steps=168 (83.6%)
  fp: calls=1200, sat_m=100.00%, sat_z=100.00%, eps_scale_mean=1.000, chol_fallbacks=0
manifold_2: acc=0.980, d0=0.000 -> dT=0.038, logdet0=1.142 -> logdetT=3.200, escaped=False
  acf_lag1=0.968, acf_lag5=0.801, coverage=0.120, rescue_steps=160 (79.6%)
  fp: calls=1200, sat_m=100.00%, sat_z=100.00%, eps_scale_mean=1.000, chol_fallbacks=0
manifold_3: acc=0.980, d0=0.000 -> dT=0.070, logdet0=3.251 -> logdetT=3.102, escaped=False
  acf_lag1=0.941, acf_lag5=0.617, coverage=0.100, rescue_steps=179 (89.1%)
  fp: calls=1200, sat_m=100.00%, sat_z=100.00%, eps_scale_mean=1.000, chol_fallbacks=0
near_outside: acc=0.970, d0=3.319 -> dT=0.202, logdet0=-1.317 -> logdetT=2.460, escaped=False
  acf_lag1=0.927, acf_lag5=0.679, coverage=0.060, rescue_steps=164 (81.6%)
  fp: calls=1200, sat_m=100.00%, sat_z=100.00%, eps_scale_mean=0.990, chol_fallbacks=0
far_outside: acc=0.970, d0=8.398 -> dT=0.047, logdet0=-1.402 -> logdetT=2.469, escaped=False
  acf_lag1=0.933, acf_lag5=0.640, coverage=0.100, rescue_steps=182 (90.5%)
  fp: calls=1200, sat_m=100.00%, sat_z=100.00%, eps_scale_mean=0.857, chol_fallbacks=0
✅ N=50 complete.

━━━ N=100 ━━━  model=outputs/low_data_models/ellipses_auto_scaling_v6/aniso/N100/seed013/2026-02-23_10-57-58
Warning: fixed-point saturation is high (momentum=100.00%, position=100.00%, fp_steps=3).
Warning: fixed-point saturation is high (momentum=100.00%, position=100.00%, fp_steps=3).
Warning: fixed-point saturation is high (momentum=100.00%, position=100.00%, fp_steps=3).
Warning: fixed-point saturation is high (momentum=100.00%, position=100.00%, fp_steps=3).
Warning: fixed-point saturation is high (momentum=100.00%, position=100.00%, fp_steps=3).
Saved figure: results/rhmc_three_zone_auto_scaling_v6/N100/2026-02-23_14-01-15/rhmc_three_zones_real_metric.png
Saved summary: results/rhmc_three_zone_auto_scaling_v6/N100/2026-02-23_14-01-15/summary.json
Void eigenshape: mode=det_preserving_spectral, alpha_min=0.800000, power=-1.2000, eig_floor=1.00e-08
Dual-step adaptation: enabled=True, max_disp=0.090000, min_scale=0.050000
manifold_1: acc=0.990, d0=0.000 -> dT=0.254, logdet0=3.589 -> logdetT=3.762, escaped=False
  acf_lag1=0.954, acf_lag5=0.657, coverage=0.030, rescue_steps=165 (82.1%)
  fp: calls=1200, sat_m=100.00%, sat_z=100.00%, eps_scale_mean=1.000, chol_fallbacks=0
manifold_2: acc=1.000, d0=0.000 -> dT=0.068, logdet0=3.890 -> logdetT=5.066, escaped=False
  acf_lag1=0.982, acf_lag5=0.889, coverage=0.150, rescue_steps=139 (69.2%)
  fp: calls=1200, sat_m=100.00%, sat_z=100.00%, eps_scale_mean=1.000, chol_fallbacks=0
manifold_3: acc=0.995, d0=0.000 -> dT=0.145, logdet0=3.413 -> logdetT=4.046, escaped=False
  acf_lag1=0.959, acf_lag5=0.734, coverage=0.060, rescue_steps=184 (91.5%)
  fp: calls=1200, sat_m=100.00%, sat_z=100.00%, eps_scale_mean=1.000, chol_fallbacks=0
near_outside: acc=0.940, d0=3.298 -> dT=0.338, logdet0=-1.317 -> logdetT=2.611, escaped=False
  acf_lag1=0.979, acf_lag5=0.839, coverage=0.010, rescue_steps=188 (93.5%)
  fp: calls=1200, sat_m=100.00%, sat_z=100.00%, eps_scale_mean=0.841, chol_fallbacks=0
far_outside: acc=0.970, d0=8.578 -> dT=0.140, logdet0=-1.405 -> logdetT=3.661, escaped=False
  acf_lag1=0.953, acf_lag5=0.753, coverage=0.040, rescue_steps=173 (86.1%)
  fp: calls=1200, sat_m=100.00%, sat_z=100.00%, eps_scale_mean=0.908, chol_fallbacks=0
✅ N=100 complete.

━━━ N=1000 ━━━  model=outputs/low_data_models/ellipses_auto_scaling_v6/aniso/N1000/seed013/2026-02-20_18-06-11
Warning: fixed-point saturation is high (momentum=100.00%, position=99.83%, fp_steps=3).
Warning: fixed-point saturation is high (momentum=100.00%, position=100.00%, fp_steps=3).
Warning: fixed-point saturation is high (momentum=100.00%, position=100.00%, fp_steps=3).
Warning: fixed-point saturation is high (momentum=100.00%, position=100.00%, fp_steps=3).
Warning: fixed-point saturation is high (momentum=100.00%, position=100.00%, fp_steps=3).
Saved figure: results/rhmc_three_zone_auto_scaling_v6/N1000/2026-02-23_14-17-01/rhmc_three_zones_real_metric.png
Saved summary: results/rhmc_three_zone_auto_scaling_v6/N1000/2026-02-23_14-17-01/summary.json
Void eigenshape: mode=det_preserving_spectral, alpha_min=0.800000, power=-1.2000, eig_floor=1.00e-08
Dual-step adaptation: enabled=True, max_disp=0.090000, min_scale=0.050000
manifold_1: acc=1.000, d0=0.000 -> dT=0.089, logdet0=9.737 -> logdetT=9.622, escaped=False
  acf_lag1=0.974, acf_lag5=0.795, coverage=0.006, rescue_steps=191 (95.0%)
  fp: calls=1200, sat_m=100.00%, sat_z=99.83%, eps_scale_mean=1.000, chol_fallbacks=0
manifold_2: acc=1.000, d0=0.000 -> dT=0.040, logdet0=8.421 -> logdetT=8.965, escaped=False
  acf_lag1=0.987, acf_lag5=0.918, coverage=0.022, rescue_steps=171 (85.1%)
  fp: calls=1200, sat_m=100.00%, sat_z=100.00%, eps_scale_mean=1.000, chol_fallbacks=0
manifold_3: acc=1.000, d0=0.000 -> dT=0.246, logdet0=9.689 -> logdetT=9.115, escaped=False
  acf_lag1=0.970, acf_lag5=0.804, coverage=0.003, rescue_steps=185 (92.0%)
  fp: calls=1200, sat_m=100.00%, sat_z=100.00%, eps_scale_mean=1.000, chol_fallbacks=0
near_outside: acc=0.985, d0=2.364 -> dT=0.371, logdet0=-1.302 -> logdetT=8.032, escaped=False
  acf_lag1=0.945, acf_lag5=0.698, coverage=0.000, rescue_steps=201 (100.0%)
  fp: calls=1200, sat_m=100.00%, sat_z=100.00%, eps_scale_mean=0.992, chol_fallbacks=0
far_outside: acc=0.990, d0=5.896 -> dT=0.079, logdet0=-1.364 -> logdetT=9.537, escaped=False
  acf_lag1=0.931, acf_lag5=0.686, coverage=0.000, rescue_steps=201 (100.0%)
  fp: calls=1200, sat_m=100.00%, sat_z=100.00%, eps_scale_mean=0.978, chol_fallbacks=0
✅ N=1000 complete.

All regimes processed.
