Running enhanced RHMC Three-Zone diagnostics on all v6 models...
━━━ N=50 ━━━  model=outputs/low_data_models/ellipses_auto_scaling_v6/aniso/N050/seed013/2026-02-23_10-40-57
Warning: fixed-point saturation is high (momentum=100.00%, position=100.00%, fp_steps=3).
Warning: fixed-point saturation is high (momentum=100.00%, position=100.00%, fp_steps=3).
Warning: fixed-point saturation is high (momentum=100.00%, position=100.00%, fp_steps=3).
Warning: fixed-point saturation is high (momentum=97.17%, position=100.00%, fp_steps=3).
Warning: fixed-point saturation is high (momentum=95.83%, position=100.00%, fp_steps=3).
Saved figure: results/rhmc_three_zone_auto_scaling_v6/N050/2026-02-23_12-36-12/rhmc_three_zones_real_metric.png
Saved summary: results/rhmc_three_zone_auto_scaling_v6/N050/2026-02-23_12-36-12/summary.json
Void eigenshape: mode=det_preserving_spectral, alpha_min=0.800000, power=-1.2000, eig_floor=1.00e-08
Dual-step adaptation: enabled=True, max_disp=0.750000, min_scale=0.050000
manifold_1: acc=0.885, d0=0.000 -> dT=0.120, logdet0=2.969 -> logdetT=3.208, escaped=False
  acf_lag1=0.921, acf_lag5=0.569, coverage=0.200, rescue_steps=175 (87.1%)
  fp: calls=1200, sat_m=100.00%, sat_z=100.00%, eps_scale_mean=1.000, chol_fallbacks=0
manifold_2: acc=0.945, d0=0.000 -> dT=0.175, logdet0=1.142 -> logdetT=2.990, escaped=False
  acf_lag1=0.954, acf_lag5=0.814, coverage=0.080, rescue_steps=182 (90.5%)
  fp: calls=1200, sat_m=100.00%, sat_z=100.00%, eps_scale_mean=1.000, chol_fallbacks=0
manifold_3: acc=0.925, d0=0.000 -> dT=0.438, logdet0=3.251 -> logdetT=1.226, escaped=False
  acf_lag1=0.965, acf_lag5=0.831, coverage=0.180, rescue_steps=183 (91.0%)
  fp: calls=1200, sat_m=100.00%, sat_z=100.00%, eps_scale_mean=1.000, chol_fallbacks=0
near_outside: acc=0.900, d0=3.319 -> dT=2.916, logdet0=-1.317 -> logdetT=-1.310, escaped=False
  acf_lag1=0.985, acf_lag5=0.906, coverage=0.000, rescue_steps=201 (100.0%)
  fp: calls=1200, sat_m=97.17%, sat_z=100.00%, eps_scale_mean=1.000, chol_fallbacks=0
far_outside: acc=0.955, d0=8.398 -> dT=8.132, logdet0=-1.402 -> logdetT=-1.399, escaped=False
  acf_lag1=0.959, acf_lag5=0.719, coverage=0.000, rescue_steps=201 (100.0%)
  fp: calls=1200, sat_m=95.83%, sat_z=100.00%, eps_scale_mean=1.000, chol_fallbacks=0
✅ N=50 complete.

━━━ N=100 ━━━  model=outputs/low_data_models/ellipses_auto_scaling_v6/aniso/N100/seed013/2026-02-23_10-57-58
Warning: fixed-point saturation is high (momentum=100.00%, position=100.00%, fp_steps=3).
Warning: fixed-point saturation is high (momentum=100.00%, position=100.00%, fp_steps=3).
Warning: fixed-point saturation is high (momentum=100.00%, position=100.00%, fp_steps=3).
Warning: fixed-point saturation is high (momentum=98.00%, position=99.92%, fp_steps=3).
Warning: fixed-point saturation is high (momentum=95.33%, position=100.00%, fp_steps=3).
Saved figure: results/rhmc_three_zone_auto_scaling_v6/N100/2026-02-23_12-47-10/rhmc_three_zones_real_metric.png
Saved summary: results/rhmc_three_zone_auto_scaling_v6/N100/2026-02-23_12-47-10/summary.json
Void eigenshape: mode=det_preserving_spectral, alpha_min=0.800000, power=-1.2000, eig_floor=1.00e-08
Dual-step adaptation: enabled=True, max_disp=0.750000, min_scale=0.050000
manifold_1: acc=0.910, d0=0.000 -> dT=0.041, logdet0=3.589 -> logdetT=3.640, escaped=False
  acf_lag1=0.946, acf_lag5=0.682, coverage=0.100, rescue_steps=181 (90.0%)
  fp: calls=1200, sat_m=100.00%, sat_z=100.00%, eps_scale_mean=1.000, chol_fallbacks=0
manifold_2: acc=0.925, d0=0.000 -> dT=0.085, logdet0=3.890 -> logdetT=4.631, escaped=False
  acf_lag1=0.872, acf_lag5=0.612, coverage=0.100, rescue_steps=189 (94.0%)
  fp: calls=1200, sat_m=100.00%, sat_z=100.00%, eps_scale_mean=1.000, chol_fallbacks=0
manifold_3: acc=0.910, d0=0.000 -> dT=0.583, logdet0=3.413 -> logdetT=1.542, escaped=False
  acf_lag1=0.868, acf_lag5=0.569, coverage=0.090, rescue_steps=186 (92.5%)
  fp: calls=1200, sat_m=100.00%, sat_z=100.00%, eps_scale_mean=1.000, chol_fallbacks=0
near_outside: acc=0.915, d0=3.298 -> dT=3.199, logdet0=-1.317 -> logdetT=-1.315, escaped=False
  acf_lag1=0.985, acf_lag5=0.912, coverage=0.000, rescue_steps=201 (100.0%)
  fp: calls=1200, sat_m=98.00%, sat_z=99.92%, eps_scale_mean=1.000, chol_fallbacks=0
far_outside: acc=0.955, d0=8.578 -> dT=8.256, logdet0=-1.405 -> logdetT=-1.401, escaped=False
  acf_lag1=0.946, acf_lag5=0.666, coverage=0.000, rescue_steps=201 (100.0%)
  fp: calls=1200, sat_m=95.33%, sat_z=100.00%, eps_scale_mean=1.000, chol_fallbacks=0
✅ N=100 complete.

━━━ N=1000 ━━━  model=outputs/low_data_models/ellipses_auto_scaling_v6/aniso/N1000/seed013/2026-02-20_18-06-11
Warning: fixed-point saturation is high (momentum=100.00%, position=100.00%, fp_steps=3).
Warning: fixed-point saturation is high (momentum=100.00%, position=100.00%, fp_steps=3).
Warning: fixed-point saturation is high (momentum=100.00%, position=100.00%, fp_steps=3).
Warning: fixed-point saturation is high (momentum=97.67%, position=100.00%, fp_steps=3).
Warning: fixed-point saturation is high (momentum=94.83%, position=100.00%, fp_steps=3).
Saved figure: results/rhmc_three_zone_auto_scaling_v6/N1000/2026-02-23_13-03-22/rhmc_three_zones_real_metric.png
Saved summary: results/rhmc_three_zone_auto_scaling_v6/N1000/2026-02-23_13-03-22/summary.json
Void eigenshape: mode=det_preserving_spectral, alpha_min=0.800000, power=-1.2000, eig_floor=1.00e-08
Dual-step adaptation: enabled=True, max_disp=0.750000, min_scale=0.050000
manifold_1: acc=0.930, d0=0.000 -> dT=0.061, logdet0=9.737 -> logdetT=9.464, escaped=False
  acf_lag1=0.769, acf_lag5=0.408, coverage=0.002, rescue_steps=197 (98.0%)
  fp: calls=1200, sat_m=100.00%, sat_z=100.00%, eps_scale_mean=1.000, chol_fallbacks=0
manifold_2: acc=0.905, d0=0.000 -> dT=0.092, logdet0=8.421 -> logdetT=9.812, escaped=False
  acf_lag1=0.684, acf_lag5=0.244, coverage=0.005, rescue_steps=189 (94.0%)
  fp: calls=1200, sat_m=100.00%, sat_z=100.00%, eps_scale_mean=1.000, chol_fallbacks=0
manifold_3: acc=0.895, d0=0.000 -> dT=0.388, logdet0=9.689 -> logdetT=8.027, escaped=False
  acf_lag1=0.772, acf_lag5=0.213, coverage=0.003, rescue_steps=199 (99.0%)
  fp: calls=1200, sat_m=100.00%, sat_z=100.00%, eps_scale_mean=1.000, chol_fallbacks=0
near_outside: acc=0.895, d0=2.364 -> dT=3.557, logdet0=-1.302 -> logdetT=-1.321, escaped=False
  acf_lag1=0.946, acf_lag5=0.715, coverage=0.000, rescue_steps=201 (100.0%)
  fp: calls=1200, sat_m=97.67%, sat_z=100.00%, eps_scale_mean=1.000, chol_fallbacks=0
far_outside: acc=0.965, d0=5.896 -> dT=5.346, logdet0=-1.364 -> logdetT=-1.354, escaped=False
  acf_lag1=0.971, acf_lag5=0.829, coverage=0.000, rescue_steps=201 (100.0%)
  fp: calls=1200, sat_m=94.83%, sat_z=100.00%, eps_scale_mean=1.000, chol_fallbacks=0
✅ N=1000 complete.

All regimes processed.
