[train_rhvae_tensor] loader: train_n=500 batch_size=128 drop_last=True
[train_rhvae_tensor] mode=aniso epoch=1 train=16.1129 val=1.2370
[train_rhvae_tensor] mode=aniso epoch=2 train=7.6354 val=1.8007
[train_rhvae_tensor] mode=aniso epoch=3 train=6.3527 val=1.9966
[train_rhvae_tensor] mode=aniso epoch=4 train=4.5005 val=1.9686
[train_rhvae_tensor] mode=aniso epoch=5 train=3.9998 val=2.0496
[train_rhvae_tensor] mode=aniso epoch=6 train=3.2433 val=1.6324
[train_rhvae_tensor] mode=aniso epoch=7 train=2.5563 val=1.6312
[train_rhvae_tensor] mode=aniso epoch=8 train=2.0736 val=1.2577
[train_rhvae_tensor] mode=aniso epoch=9 train=1.7843 val=1.0601
[train_rhvae_tensor] mode=aniso epoch=10 train=1.2679 val=0.6733
[train_rhvae_tensor] mode=aniso epoch=11 train=0.9235 val=0.1677
[train_rhvae_tensor] mode=aniso epoch=12 train=0.3550 val=-0.0018
[train_rhvae_tensor] mode=aniso epoch=13 train=-0.0010 val=-0.3808
[train_rhvae_tensor] mode=aniso epoch=14 train=0.0105 val=-0.6859
[train_rhvae_tensor] mode=aniso epoch=15 train=-0.3438 val=-0.6276
[train_rhvae_tensor] mode=aniso epoch=16 train=-0.4330 val=-0.5896
[train_rhvae_tensor] mode=aniso epoch=17 train=-0.4915 val=-0.9099
[train_rhvae_tensor] mode=aniso epoch=18 train=-0.6771 val=-1.0301
[train_rhvae_tensor] mode=aniso epoch=19 train=-0.8090 val=-1.1997
[train_rhvae_tensor] mode=aniso epoch=20 train=-0.7568 val=-1.1282
[train_rhvae_tensor] mode=aniso epoch=21 train=-0.8648 val=-1.2645
[train_rhvae_tensor] mode=aniso epoch=22 train=-0.9688 val=-1.3350
[train_rhvae_tensor] mode=aniso epoch=23 train=-0.9406 val=-1.2112
[train_rhvae_tensor] mode=aniso epoch=24 train=-1.0803 val=-1.4178
[train_rhvae_tensor] mode=aniso epoch=25 train=-1.0451 val=-1.2294
[train_rhvae_tensor] mode=aniso epoch=26 train=-1.0190 val=-1.2554
[train_rhvae_tensor] mode=aniso epoch=27 train=-1.0640 val=-1.4405
[train_rhvae_tensor] mode=aniso epoch=28 train=-1.1131 val=-1.3514
[train_rhvae_tensor] mode=aniso epoch=29 train=-1.0820 val=-1.3321
[train_rhvae_tensor] mode=aniso epoch=30 train=-1.1003 val=-1.3830
[train_rhvae_tensor] mode=aniso epoch=31 train=-1.1566 val=-1.3854
[train_rhvae_tensor] mode=aniso epoch=32 train=-1.1492 val=-1.3537
[train_rhvae_tensor] mode=aniso epoch=33 train=-1.1204 val=-1.3514
[train_rhvae_tensor] mode=aniso epoch=34 train=-1.2073 val=-1.4076
[train_rhvae_tensor] mode=aniso epoch=35 train=-1.1545 val=-1.2960
[train_rhvae_tensor] mode=aniso epoch=36 train=-1.1785 val=-1.5210
[train_rhvae_tensor] mode=aniso epoch=37 train=-1.1906 val=-1.4487
[train_rhvae_tensor] mode=aniso epoch=38 train=-1.2134 val=-1.4215
[train_rhvae_tensor] mode=aniso epoch=39 train=-1.1833 val=-1.3543
[train_rhvae_tensor] mode=aniso epoch=40 train=-1.2120 val=-1.3257
[train_rhvae_tensor] mode=aniso epoch=41 train=-1.1938 val=-1.4317
[train_rhvae_tensor] mode=aniso epoch=42 train=-1.1038 val=-1.4375
[train_rhvae_tensor] mode=aniso epoch=43 train=-1.1923 val=-1.3037
[train_rhvae_tensor] mode=aniso epoch=44 train=-1.0220 val=-1.2218
[train_rhvae_tensor] mode=aniso epoch=45 train=-1.1094 val=-1.3132
[train_rhvae_tensor] mode=aniso epoch=46 train=-1.2009 val=-1.3072
[train_rhvae_tensor] mode=aniso epoch=47 train=-1.2226 val=-1.4086
[train_rhvae_tensor] mode=aniso epoch=48 train=-1.2319 val=-1.3393
[train_rhvae_tensor] mode=aniso epoch=49 train=-1.2405 val=-1.3370
[train_rhvae_tensor] mode=aniso epoch=50 train=-1.2498 val=-1.3399
[train_rhvae_tensor] mode=aniso epoch=51 train=-1.2082 val=-1.2665
[train_rhvae_tensor] mode=aniso epoch=52 train=-1.2198 val=-1.3887
[train_rhvae_tensor] mode=aniso epoch=53 train=-1.2594 val=-1.4021
[train_rhvae_tensor] mode=aniso epoch=54 train=-1.2576 val=-1.4142
[train_rhvae_tensor] mode=aniso epoch=55 train=-1.2319 val=-1.3851
[train_rhvae_tensor] mode=aniso epoch=56 train=-1.2408 val=-1.3422
[train_rhvae_tensor] mode=aniso epoch=57 train=-1.2986 val=-1.4452
[train_rhvae_tensor] mode=aniso epoch=58 train=-1.2430 val=-1.4057
[train_rhvae_tensor] mode=aniso epoch=59 train=-1.3027 val=-1.4152
[train_rhvae_tensor] mode=aniso epoch=60 train=-1.3229 val=-1.4117
[train_rhvae_tensor] output_dir=/scratch/alaforgu/longitudinal_experiments/AnisoRHVAE/outputs/toy2d_temp_sweep/moons_v1/aniso_gwell_fixedT0p5/N500/seed013/2026-02-16_14-07-52
