[info] plotting disabled (use --save_plots to save PNG outputs).
[info] profile='smoke' active for shorter benchmark runtime.
[info] aniso-only mode enabled: baseline model will be skipped.
[info] matched pilot selection disabled: using provided matched_eps_grid directly.
[info] wandb disabled (no --wandb_project and no WANDB_* sweep/run env).
[pilot][matched] skipped -> using eps_lf=0.03000 for all active models

=== Protocol: matched ===
  aniso: n_lf=10, eps_lf=0.03000, volume_power=0.800
    seed=13
✅ Hybrid(Volume+Riemannian) Acceptance Rate: 0.988
      done (1/3) elapsed=0.7min eta=1.3min
    seed=29
✅ Hybrid(Volume+Riemannian) Acceptance Rate: 0.992
      done (2/3) elapsed=1.4min eta=0.7min
    seed=47
✅ Hybrid(Volume+Riemannian) Acceptance Rate: 0.995
      done (3/3) elapsed=2.1min eta=0.0min

Saved assessment outputs to: results/hybrid_ratio_radial_sweep_3seeds/2026-02-18_18-49-24
- raw_metrics.csv
- summary_by_protocol.json
- scorecard.csv
- scorecard.md
- ranking_summary.csv
- ranking_summary.json
- model_run_bilan.csv
