[train_rhvae_tensor] loader: train_n=500 batch_size=128 drop_last=True
[train_rhvae_tensor] auto temperature set: T=0.0026 (stat=mean_nn, base=0.0104)
[train_rhvae_tensor] mode=aniso epoch=1 train=16.1129 val=2.9808
[train_rhvae_tensor] auto temperature set: T=0.0017 (stat=mean_nn, base=0.0069)
[train_rhvae_tensor] mode=aniso epoch=2 train=12.4188 val=3.4040
[train_rhvae_tensor] auto temperature set: T=0.0015 (stat=mean_nn, base=0.0058)
[train_rhvae_tensor] mode=aniso epoch=3 train=5.4120 val=33593.1946
[train_rhvae_tensor] auto temperature set: T=0.0017 (stat=mean_nn, base=0.0069)
[train_rhvae_tensor] mode=aniso epoch=4 train=4.3134 val=2.9901
[train_rhvae_tensor] auto temperature set: T=0.0017 (stat=mean_nn, base=0.0068)
[train_rhvae_tensor] mode=aniso epoch=5 train=3.3798 val=7109.5177
[train_rhvae_tensor] auto temperature set: T=0.0017 (stat=mean_nn, base=0.0068)
[train_rhvae_tensor] mode=aniso epoch=6 train=3.0293 val=99191021.5759
[train_rhvae_tensor] auto temperature set: T=0.0018 (stat=mean_nn, base=0.0071)
[train_rhvae_tensor] mode=aniso epoch=7 train=2.7744 val=2.8926
[train_rhvae_tensor] auto temperature set: T=0.0015 (stat=mean_nn, base=0.0060)
[train_rhvae_tensor] mode=aniso epoch=8 train=2.5548 val=3.0227
[train_rhvae_tensor] auto temperature set: T=0.0015 (stat=mean_nn, base=0.0061)
[train_rhvae_tensor] mode=aniso epoch=9 train=2.3585 val=2.8937
[train_rhvae_tensor] auto temperature set: T=0.0017 (stat=mean_nn, base=0.0067)
[train_rhvae_tensor] mode=aniso epoch=10 train=2.2437 val=4.7160
[train_rhvae_tensor] auto temperature set: T=0.0016 (stat=mean_nn, base=0.0066)
[train_rhvae_tensor] mode=aniso epoch=11 train=2.1357 val=957696.5461
[train_rhvae_tensor] auto temperature set: T=0.0015 (stat=mean_nn, base=0.0059)
[train_rhvae_tensor] mode=aniso epoch=12 train=2.0838 val=3.1033
[train_rhvae_tensor] auto temperature set: T=0.0016 (stat=mean_nn, base=0.0065)
[train_rhvae_tensor] mode=aniso epoch=13 train=2.0729 val=3.8959
[train_rhvae_tensor] auto temperature set: T=0.0013 (stat=mean_nn, base=0.0051)
[train_rhvae_tensor] mode=aniso epoch=14 train=2.1329 val=2.8850
[train_rhvae_tensor] auto temperature set: T=0.0012 (stat=mean_nn, base=0.0050)
[train_rhvae_tensor] mode=aniso epoch=15 train=2.1562 val=3.0592
[train_rhvae_tensor] auto temperature set: T=0.0012 (stat=mean_nn, base=0.0046)
[train_rhvae_tensor] mode=aniso epoch=16 train=2.0276 val=2.9770
[train_rhvae_tensor] auto temperature set: T=0.0011 (stat=mean_nn, base=0.0045)
[train_rhvae_tensor] mode=aniso epoch=17 train=2.1314 val=3.0060
[train_rhvae_tensor] auto temperature set: T=0.0011 (stat=mean_nn, base=0.0045)
[train_rhvae_tensor] mode=aniso epoch=18 train=2.1386 val=3.1239
[train_rhvae_tensor] auto temperature set: T=0.0011 (stat=mean_nn, base=0.0046)
[train_rhvae_tensor] mode=aniso epoch=19 train=2.0572 val=19.3907
[train_rhvae_tensor] auto temperature set: T=0.0011 (stat=mean_nn, base=0.0045)
[train_rhvae_tensor] mode=aniso epoch=20 train=2.0907 val=3.0660
[train_rhvae_tensor] auto temperature set: T=0.0012 (stat=mean_nn, base=0.0046)
[train_rhvae_tensor] mode=aniso epoch=21 train=1.9850 val=2.8129
[train_rhvae_tensor] auto temperature set: T=0.0013 (stat=mean_nn, base=0.0051)
[train_rhvae_tensor] mode=aniso epoch=22 train=1.8390 val=2.8275
[train_rhvae_tensor] auto temperature set: T=0.0014 (stat=mean_nn, base=0.0055)
[train_rhvae_tensor] mode=aniso epoch=23 train=1.7909 val=2.8891
[train_rhvae_tensor] auto temperature set: T=0.0014 (stat=mean_nn, base=0.0055)
[train_rhvae_tensor] mode=aniso epoch=24 train=1.8413 val=2.8134
[train_rhvae_tensor] auto temperature set: T=0.0013 (stat=mean_nn, base=0.0054)
[train_rhvae_tensor] mode=aniso epoch=25 train=1.8886 val=3.0227
[train_rhvae_tensor] auto temperature set: T=0.0011 (stat=mean_nn, base=0.0044)
[train_rhvae_tensor] mode=aniso epoch=26 train=1.9929 val=3.0794
[train_rhvae_tensor] auto temperature set: T=0.0011 (stat=mean_nn, base=0.0043)
[train_rhvae_tensor] mode=aniso epoch=27 train=1.8754 val=2.8462
[train_rhvae_tensor] auto temperature set: T=0.0012 (stat=mean_nn, base=0.0049)
[train_rhvae_tensor] mode=aniso epoch=28 train=1.8310 val=2.7505
[train_rhvae_tensor] auto temperature set: T=0.0013 (stat=mean_nn, base=0.0052)
[train_rhvae_tensor] mode=aniso epoch=29 train=1.8457 val=2.9442
[train_rhvae_tensor] auto temperature set: T=0.0013 (stat=mean_nn, base=0.0051)
[train_rhvae_tensor] mode=aniso epoch=30 train=2.0470 val=3.0293
[train_rhvae_tensor] auto temperature set: T=0.0013 (stat=mean_nn, base=0.0050)
[train_rhvae_tensor] mode=aniso epoch=31 train=2.0953 val=3.0532
[train_rhvae_tensor] auto temperature set: T=0.0013 (stat=mean_nn, base=0.0052)
[train_rhvae_tensor] mode=aniso epoch=32 train=2.0013 val=2.9450
[train_rhvae_tensor] auto temperature set: T=0.0012 (stat=mean_nn, base=0.0049)
[train_rhvae_tensor] mode=aniso epoch=33 train=1.9933 val=1552.8815
[train_rhvae_tensor] auto temperature set: T=0.0011 (stat=mean_nn, base=0.0043)
[train_rhvae_tensor] mode=aniso epoch=34 train=1.9248 val=10757642672.4087
[train_rhvae_tensor] auto temperature set: T=0.0010 (stat=mean_nn, base=0.0041)
[train_rhvae_tensor] mode=aniso epoch=35 train=2.1865 val=143599.1116
[train_rhvae_tensor] auto temperature set: T=0.0009 (stat=mean_nn, base=0.0038)
[train_rhvae_tensor] mode=aniso epoch=36 train=2.1631 val=3.1171
[train_rhvae_tensor] auto temperature set: T=0.0009 (stat=mean_nn, base=0.0037)
[train_rhvae_tensor] mode=aniso epoch=37 train=2.1459 val=2.9569
[train_rhvae_tensor] auto temperature set: T=0.0011 (stat=mean_nn, base=0.0042)
[train_rhvae_tensor] mode=aniso epoch=38 train=1.9012 val=2.9084
[train_rhvae_tensor] auto temperature set: T=0.0012 (stat=mean_nn, base=0.0047)
[train_rhvae_tensor] mode=aniso epoch=39 train=1.8890 val=2.8119
[train_rhvae_tensor] auto temperature set: T=0.0011 (stat=mean_nn, base=0.0044)
[train_rhvae_tensor] mode=aniso epoch=40 train=1.8691 val=2.9185
[train_rhvae_tensor] auto temperature set: T=0.0011 (stat=mean_nn, base=0.0045)
[train_rhvae_tensor] mode=aniso epoch=41 train=1.9519 val=3.1419
[train_rhvae_tensor] auto temperature set: T=0.0011 (stat=mean_nn, base=0.0044)
[train_rhvae_tensor] mode=aniso epoch=42 train=1.8065 val=147421197764.6370
[train_rhvae_tensor] auto temperature set: T=0.0012 (stat=mean_nn, base=0.0048)
[train_rhvae_tensor] mode=aniso epoch=43 train=1.9705 val=78145647.6481
[train_rhvae_tensor] auto temperature set: T=0.0013 (stat=mean_nn, base=0.0053)
[train_rhvae_tensor] mode=aniso epoch=44 train=1.9076 val=2.9703
[train_rhvae_tensor] auto temperature set: T=0.0013 (stat=mean_nn, base=0.0051)
[train_rhvae_tensor] mode=aniso epoch=45 train=1.9048 val=2.9170
[train_rhvae_tensor] auto temperature set: T=0.0012 (stat=mean_nn, base=0.0047)
[train_rhvae_tensor] mode=aniso epoch=46 train=2.0499 val=28902230615.7512
[train_rhvae_tensor] auto temperature set: T=0.0011 (stat=mean_nn, base=0.0043)
[train_rhvae_tensor] mode=aniso epoch=47 train=1.9959 val=2.9848
[train_rhvae_tensor] auto temperature set: T=0.0011 (stat=mean_nn, base=0.0043)
[train_rhvae_tensor] mode=aniso epoch=48 train=1.9575 val=3.0366
[train_rhvae_tensor] auto temperature set: T=0.0011 (stat=mean_nn, base=0.0044)
[train_rhvae_tensor] mode=aniso epoch=49 train=1.9642 val=3.0315
[train_rhvae_tensor] auto temperature set: T=0.0011 (stat=mean_nn, base=0.0044)
[train_rhvae_tensor] mode=aniso epoch=50 train=2.1286 val=3.2186
[train_rhvae_tensor] auto temperature set: T=0.0010 (stat=mean_nn, base=0.0042)
[train_rhvae_tensor] mode=aniso epoch=51 train=2.1292 val=3.2336
[train_rhvae_tensor] auto temperature set: T=0.0010 (stat=mean_nn, base=0.0041)
[train_rhvae_tensor] mode=aniso epoch=52 train=2.0594 val=2.9702
[train_rhvae_tensor] auto temperature set: T=0.0009 (stat=mean_nn, base=0.0038)
[train_rhvae_tensor] mode=aniso epoch=53 train=2.0278 val=1755204.8227
[train_rhvae_tensor] auto temperature set: T=0.0010 (stat=mean_nn, base=0.0041)
[train_rhvae_tensor] mode=aniso epoch=54 train=2.0286 val=3.1467
[train_rhvae_tensor] auto temperature set: T=0.0010 (stat=mean_nn, base=0.0039)
Traceback (most recent call last):
  File "/scratch/alaforgu/longitudinal_experiments/AnisoRHVAE/scripts/train_rhvae_tensor.py", line 785, in <module>
    main()
  File "/scratch/alaforgu/longitudinal_experiments/AnisoRHVAE/scripts/train_rhvae_tensor.py", line 631, in main
    val_loss = _eval_epoch(model, val_loader, device)
               ^^^^^^^^^^^^^^^^^^^^^^^^^^^^^^^^^^^^^^
  File "/scratch/alaforgu/longitudinal_experiments/AnisoRHVAE/scripts/train_rhvae_tensor.py", line 215, in _eval_epoch
    out = model({"data": xb})
          ^^^^^^^^^^^^^^^^^^^
  File "/scratch/alaforgu/miniconda3/lib/python3.12/site-packages/torch/nn/modules/module.py", line 1751, in _wrapped_call_impl
    return self._call_impl(*args, **kwargs)
           ^^^^^^^^^^^^^^^^^^^^^^^^^^^^^^^^
  File "/scratch/alaforgu/miniconda3/lib/python3.12/site-packages/torch/nn/modules/module.py", line 1762, in _call_impl
    return forward_call(*args, **kwargs)
           ^^^^^^^^^^^^^^^^^^^^^^^^^^^^^
  File "/scratch/alaforgu/longitudinal_experiments/AnisoRHVAE/src/models/rhvae_geometry.py", line 676, in forward
    z = self._leap_step_2(recon_x, x, z, rho_, G_inv, G_log_det)
        ^^^^^^^^^^^^^^^^^^^^^^^^^^^^^^^^^^^^^^^^^^^^^^^^^^^^^^^^
  File "/scratch/alaforgu/longitudinal_experiments/AnisoRHVAE/src/lib/src/pythae/models/rhvae/rhvae_model.py", line 359, in _leap_step_2
    z_ = f_(z_)
         ^^^^^^
  File "/scratch/alaforgu/longitudinal_experiments/AnisoRHVAE/src/lib/src/pythae/models/rhvae/rhvae_model.py", line 353, in f_
    H = self._hamiltonian(recon_x, x, z_, rho, G_inv, G_log_det)
        ^^^^^^^^^^^^^^^^^^^^^^^^^^^^^^^^^^^^^^^^^^^^^^^^^^^^^^^^
  File "/scratch/alaforgu/longitudinal_experiments/AnisoRHVAE/src/lib/src/pythae/models/rhvae/rhvae_model.py", line 379, in _hamiltonian
    return -self._log_p_xz(recon_x, x, z).sum() + 0.5 * norm + 0.5 * G_log_det.sum()
            ^^^^^^^^^^^^^^^^^^^^^^^^^^^^^
  File "/scratch/alaforgu/longitudinal_experiments/AnisoRHVAE/src/lib/src/pythae/models/rhvae/rhvae_model.py", line 502, in _log_p_xz
    logpz = self._log_z(z)
            ^^^^^^^^^^^^^^
  File "/scratch/alaforgu/longitudinal_experiments/AnisoRHVAE/src/lib/src/pythae/models/rhvae/rhvae_model.py", line 495, in _log_z
    return normal.log_prob(z)
           ^^^^^^^^^^^^^^^^^^
  File "/scratch/alaforgu/miniconda3/lib/python3.12/site-packages/torch/distributions/multivariate_normal.py", line 251, in log_prob
    self._validate_sample(value)
  File "/scratch/alaforgu/miniconda3/lib/python3.12/site-packages/torch/distributions/distribution.py", line 317, in _validate_sample
    raise ValueError(
ValueError: Expected value argument (Tensor of shape (128, 2)) to be within the support (IndependentConstraint(Real(), 1)) of the distribution MultivariateNormal(loc: torch.Size([2]), covariance_matrix: torch.Size([2, 2])), but found invalid values:
tensor([[ 5.3146e-01, -1.0061e+00],
        [ 3.2560e-02, -1.5392e+00],
        [ 2.1663e-01,  8.5105e-02],
        [ 3.1761e-01, -1.4163e+00],
        [-6.7431e-01,  8.4534e-01],
        [-2.8448e-02,  4.2278e-01],
        [-6.1665e-01, -1.2741e+00],
        [ 9.2534e-01, -3.3626e-01],
        [ 4.6519e-01,  6.3868e-02],
        [-4.4313e-01,  1.1215e+00],
        [-2.0590e+00,  3.8702e-01],
        [-4.3495e-01, -2.2767e-01],
        [-1.6979e+00,  1.1287e+00],
        [-4.2157e-02, -3.2089e-01],
        [        nan,         nan],
        [ 1.3373e+00, -1.3608e+00],
        [ 1.9924e-01,  1.2354e-01],
        [-1.4265e-01,  1.8929e+00],
        [-1.4742e+00,  1.3766e-01],
        [ 5.9225e-01,  7.1978e-01],
        [ 1.7670e-01,  1.7440e-01],
        [-1.0145e-01,  5.1088e-01],
        [ 1.2131e+00,  4.6967e-01],
        [-6.0652e-01, -4.2468e-01],
        [ 1.1007e+00, -9.1102e-01],
        [ 1.5136e-01, -2.6494e+00],
        [-1.2773e+00,  1.0512e+00],
        [ 1.2417e+00,  1.0959e+00],
        [ 2.9086e-02, -1.3948e+00],
        [-7.8947e-01, -1.9014e+00],
        [ 6.5642e-02,  1.3962e+00],
        [-1.3907e+00,  7.8791e-03],
        [-1.9662e-02,  6.0087e-01],
        [-1.4378e+00, -5.2382e-02],
        [-1.2726e+00, -4.9103e-01],
        [-1.6837e+00,  7.8412e-01],
        [-3.1422e-01, -2.6535e-02],
        [-5.9208e-01,  4.5208e-01],
        [ 9.7722e-01, -3.1372e-01],
        [ 9.3082e-02, -1.8892e-01],
        [-9.2236e-01,  2.1480e-01],
        [ 1.3276e+00,  1.4275e-01],
        [ 9.6914e-01,  7.2117e-01],
        [-1.7976e-01, -1.6477e+00],
        [-9.7637e-01, -4.1522e-01],
        [ 1.5070e+00,  3.5037e-01],
        [ 2.5446e-02, -6.9938e-01],
        [ 1.1749e+00, -3.4848e-01],
        [ 4.6025e-01,  5.4009e-01],
        [ 4.6013e-01,  3.6882e-01],
        [-2.3906e-01, -1.1569e+00],
        [-1.7888e+00,  2.3932e-01],
        [ 6.2386e-01, -4.3228e-01],
        [ 1.4146e-01,  7.8251e-01],
        [-7.1416e-01, -1.2531e+00],
        [ 5.5320e-02, -2.7526e-01],
        [-5.4763e-01,  2.6880e-01],
        [-5.9291e-01, -1.7406e+00],
        [ 1.4990e+00,  7.7341e-01],
        [-6.5246e-01, -2.9920e-01],
        [ 7.6350e-01,  5.2695e-01],
        [-4.8428e-01, -1.9250e+00],
        [ 3.1117e-01,  5.8148e-01],
        [-8.9272e-01, -8.3764e-01],
        [-1.1475e+00,  6.9352e-01],
        [-4.9596e-01,  5.2037e-01],
        [-3.6087e-01, -1.9800e-01],
        [ 8.3414e-01, -2.0119e+00],
        [ 5.8255e-01,  2.6928e-01],
        [ 4.7537e-01, -1.7357e+00],
        [ 2.1636e-01,  6.7594e-01],
        [-1.4435e+00,  3.5937e-01],
        [-1.2815e-01, -1.0135e-01],
        [-7.6626e-01, -6.6447e-01],
        [-8.3248e-01,  4.7214e-01],
        [ 4.0009e-01, -9.6602e-02],
        [-1.5182e+00,  3.5670e-01],
        [ 1.9065e-01, -1.6387e+00],
        [-3.3854e-01,  1.6435e-03],
        [-9.8840e-01,  3.2777e-02],
        [-8.0508e-01,  1.2437e-01],
        [ 2.8700e-01, -1.4077e+00],
        [-1.6620e+00,  4.3337e-01],
        [-6.0668e-01, -1.4497e+00],
        [ 1.9151e-01, -4.3958e-01],
        [ 4.7429e-01,  3.7770e-01],
        [ 6.5691e-01, -1.1691e+00],
        [ 4.5966e-02, -4.8028e-01],
        [ 5.3429e-01,  7.4065e-01],
        [-1.2260e-01, -5.1100e-01],
        [ 1.2537e+00,  6.4592e-01],
        [ 1.1587e+00,  1.1795e+00],
        [-3.3881e-01,  3.2116e-01],
        [-4.0949e-01, -8.5356e-02],
        [ 1.2913e-01,  7.6552e-01],
        [ 4.1834e-01, -8.2655e-01],
        [ 7.4221e-01, -1.6781e+00],
        [-6.2394e-01, -3.5689e-01],
        [-3.2515e-01,  2.2194e-01],
        [-4.4427e-01, -1.4873e+00],
        [-2.4525e-01,  1.9703e-01],
        [-1.1652e+00, -7.5288e-01],
        [ 1.9722e-02, -1.2974e+00],
        [-1.0751e+00,  1.5946e+00],
        [ 1.2217e+00,  4.5536e-01],
        [-2.8691e-01,  6.5377e-01],
        [ 2.5315e-01,  2.3555e-01],
        [-1.7536e-01,  4.3651e-01],
        [ 2.7492e-01, -3.6852e-01],
        [ 6.8057e-01,  7.8562e-01],
        [ 2.6291e+00, -3.0422e-01],
        [ 6.0771e-01,  2.2378e-01],
        [ 1.2192e+00, -6.8145e-01],
        [ 5.0697e-01, -3.2995e-02],
        [ 5.5202e-01, -9.0683e-01],
        [ 5.3351e-01, -1.2825e+00],
        [ 1.9565e+00,  1.1774e-01],
        [ 3.8905e-01, -4.0349e-01],
        [-1.0652e+00,  1.3215e+00],
        [-8.3866e-01, -1.8274e+00],
        [ 3.6008e-01, -1.5354e-02],
        [ 4.9225e-03,  4.9124e-01],
        [ 6.4616e-01, -2.9391e-01],
        [ 4.9439e-01,  1.6247e-01],
        [ 2.8141e-01,  9.6911e-01],
        [-2.3853e-01, -8.5394e-01],
        [ 1.0341e+00,  1.0181e+00],
        [-6.5747e-02, -1.2342e+00]], device='cuda:0', grad_fn=<AddBackward0>)
